current directory: /Users/thihathedev/Documents/dev/projects/ios/github/Forklore - Every dish tells a story./backend/vendor/bundle/ruby/3.4.0/gems/date-3.4.1/ext/date
/Users/thihathedev/.rbenv/versions/3.4.4/bin/ruby extconf.rb
checking for rb_category_warn()... yes
checking for timezone in time.h with -Werror... yes
checking for altzone in time.h with -Werror... no
creating Makefile

current directory: /Users/thihathedev/Documents/dev/projects/ios/github/Forklore - Every dish tells a story./backend/vendor/bundle/ruby/3.4.0/gems/date-3.4.1/ext/date
make DESTDIR\= sitearchdir\=./.gem.20260407-84609-loyb0e sitelibdir\=./.gem.20260407-84609-loyb0e clean

current directory: /Users/thihathedev/Documents/dev/projects/ios/github/Forklore - Every dish tells a story./backend/vendor/bundle/ruby/3.4.0/gems/date-3.4.1/ext/date
make DESTDIR\= sitearchdir\=./.gem.20260407-84609-loyb0e sitelibdir\=./.gem.20260407-84609-loyb0e
compiling date_core.c
compiling date_parse.c
compiling date_strftime.c
compiling date_strptime.c
linking shared-object date_core.bundle

current directory: /Users/thihathedev/Documents/dev/projects/ios/github/Forklore - Every dish tells a story./backend/vendor/bundle/ruby/3.4.0/gems/date-3.4.1/ext/date
make DESTDIR\= sitearchdir\=./.gem.20260407-84609-loyb0e sitelibdir\=./.gem.20260407-84609-loyb0e install
/opt/homebrew/bin/ginstall -c -m 0755 date_core.bundle ./.gem.20260407-84609-loyb0e

current directory: /Users/thihathedev/Documents/dev/projects/ios/github/Forklore - Every dish tells a story./backend/vendor/bundle/ruby/3.4.0/gems/date-3.4.1/ext/date
make DESTDIR\= sitearchdir\=./.gem.20260407-84609-loyb0e sitelibdir\=./.gem.20260407-84609-loyb0e clean
