current directory: /Users/thihathedev/Documents/dev/projects/ios/github/Forklore - Every dish tells a story./backend/vendor/bundle/ruby/3.4.0/gems/ed25519-1.4.0/ext/ed25519_ref10
/Users/thihathedev/.rbenv/versions/3.4.4/bin/ruby extconf.rb
checking for whether -Wall is accepted as CFLAGS... yes
checking for whether -O3 is accepted as CFLAGS... yes
checking for whether -pedantic is accepted as CFLAGS... no
checking for whether -std=c99 is accepted as CFLAGS... yes
creating Makefile

current directory: /Users/thihathedev/Documents/dev/projects/ios/github/Forklore - Every dish tells a story./backend/vendor/bundle/ruby/3.4.0/gems/ed25519-1.4.0/ext/ed25519_ref10
make DESTDIR\= sitearchdir\=./.gem.20260407-84609-5k8rm0 sitelibdir\=./.gem.20260407-84609-5k8rm0 clean

current directory: /Users/thihathedev/Documents/dev/projects/ios/github/Forklore - Every dish tells a story./backend/vendor/bundle/ruby/3.4.0/gems/ed25519-1.4.0/ext/ed25519_ref10
make DESTDIR\= sitearchdir\=./.gem.20260407-84609-5k8rm0 sitelibdir\=./.gem.20260407-84609-5k8rm0
compiling ed25519_ref10.c
compiling fe.c
compiling ge.c
compiling keypair.c
compiling open.c
compiling sc_muladd.c
compiling sc_reduce.c
compiling sha512.c
compiling sign.c
compiling verify.c
linking shared-object ed25519_ref10.bundle

current directory: /Users/thihathedev/Documents/dev/projects/ios/github/Forklore - Every dish tells a story./backend/vendor/bundle/ruby/3.4.0/gems/ed25519-1.4.0/ext/ed25519_ref10
make DESTDIR\= sitearchdir\=./.gem.20260407-84609-5k8rm0 sitelibdir\=./.gem.20260407-84609-5k8rm0 install
/opt/homebrew/bin/ginstall -c -m 0755 ed25519_ref10.bundle ./.gem.20260407-84609-5k8rm0

current directory: /Users/thihathedev/Documents/dev/projects/ios/github/Forklore - Every dish tells a story./backend/vendor/bundle/ruby/3.4.0/gems/ed25519-1.4.0/ext/ed25519_ref10
make DESTDIR\= sitearchdir\=./.gem.20260407-84609-5k8rm0 sitelibdir\=./.gem.20260407-84609-5k8rm0 clean
