current directory: /Users/thihathedev/Documents/dev/projects/ios/github/Forklore - Every dish tells a story./backend/vendor/bundle/ruby/3.4.0/gems/prism-1.4.0/ext/prism
/Users/thihathedev/.rbenv/versions/3.4.4/bin/ruby extconf.rb
checking for prism.h in /Users/thihathedev/Documents/dev/projects/ios/github/Forklore - Every dish tells a story./backend/vendor/bundle/ruby/3.4.0/gems/prism-1.4.0/include... yes
checking for prism/extension.h in /Users/thihathedev/Documents/dev/projects/ios/github/Forklore - Every dish tells a story./backend/vendor/bundle/ruby/3.4.0/gems/prism-1.4.0/ext... yes
checking for whether -fvisibility=hidden is accepted as CFLAGS... yes
creating Makefile

current directory: /Users/thihathedev/Documents/dev/projects/ios/github/Forklore - Every dish tells a story./backend/vendor/bundle/ruby/3.4.0/gems/prism-1.4.0/ext/prism
make DESTDIR\= sitearchdir\=./.gem.20260407-84609-l76n9g sitelibdir\=./.gem.20260407-84609-l76n9g clean

current directory: /Users/thihathedev/Documents/dev/projects/ios/github/Forklore - Every dish tells a story./backend/vendor/bundle/ruby/3.4.0/gems/prism-1.4.0/ext/prism
make DESTDIR\= sitearchdir\=./.gem.20260407-84609-l76n9g sitelibdir\=./.gem.20260407-84609-l76n9g
compiling api_node.c
compiling api_pack.c
compiling extension.c
compiling ./../../src/diagnostic.c
compiling ./../../src/encoding.c
compiling ./../../src/node.c
compiling ./../../src/options.c
compiling ./../../src/pack.c
compiling ./../../src/prettyprint.c
compiling ./../../src/prism.c
compiling ./../../src/regexp.c
compiling ./../../src/serialize.c
compiling ./../../src/static_literals.c
compiling ./../../src/token_type.c
compiling ./../../src/util/pm_buffer.c
compiling ./../../src/util/pm_char.c
compiling ./../../src/util/pm_constant_pool.c
compiling ./../../src/util/pm_integer.c
compiling ./../../src/util/pm_list.c
compiling ./../../src/util/pm_memchr.c
compiling ./../../src/util/pm_newline_list.c
compiling ./../../src/util/pm_string.c
compiling ./../../src/util/pm_strncasecmp.c
compiling ./../../src/util/pm_strpbrk.c
linking shared-object prism/prism.bundle

current directory: /Users/thihathedev/Documents/dev/projects/ios/github/Forklore - Every dish tells a story./backend/vendor/bundle/ruby/3.4.0/gems/prism-1.4.0/ext/prism
make DESTDIR\= sitearchdir\=./.gem.20260407-84609-l76n9g sitelibdir\=./.gem.20260407-84609-l76n9g install
/opt/homebrew/bin/ginstall -c -m 0755 prism.bundle ./.gem.20260407-84609-l76n9g/prism

current directory: /Users/thihathedev/Documents/dev/projects/ios/github/Forklore - Every dish tells a story./backend/vendor/bundle/ruby/3.4.0/gems/prism-1.4.0/ext/prism
make DESTDIR\= sitearchdir\=./.gem.20260407-84609-l76n9g sitelibdir\=./.gem.20260407-84609-l76n9g clean
